This is pdfTeX, Version 3.14159265-2.6-1.40.20 (MiKTeX 2.9.7050) (preloaded format=pdflatex 2019.10.9)  26 OCT 2020 13:44
entering extended mode
**./BFSS_project.tex
(BFSS_project.tex
LaTeX2e <2019-10-01>

("/Users/stratos/Library/Application Support/MiKTeX/texmfs/install/tex/latex/ba
se/article.cls"
Document Class: article 2019/08/27 v1.4j Standard LaTeX document class

("/Users/stratos/Library/Application Support/MiKTeX/texmfs/install/tex/latex/ba
se/size11.clo"
File: size11.clo 2019/08/27 v1.4j Standard LaTeX file (size option)
)
\c@part=\count80
\c@section=\count81
\c@subsection=\count82
\c@subsubsection=\count83
\c@paragraph=\count84
\c@subparagraph=\count85
\c@figure=\count86
\c@table=\count87
\abovecaptionskip=\skip41
\belowcaptionskip=\skip42
\bibindent=\dimen102
)
("/Users/stratos/Library/Application Support/MiKTeX/texmfs/install/tex/latex/pr
eprint/authblk.sty"
Package: authblk 2001/02/27 1.3 (PWD)
\affilsep=\skip43
\@affilsep=\skip44
\c@Maxaffil=\count88
\c@authors=\count89
\c@affil=\count90
)
("/Users/stratos/Library/Application Support/MiKTeX/texmfs/install/tex/latex/gr
aphics/graphicx.sty"
Package: graphicx 2017/06/01 v1.1a Enhanced LaTeX Graphics (DPC,SPQR)

("/Users/stratos/Library/Application Support/MiKTeX/texmfs/install/tex/latex/gr
aphics/keyval.sty"
Package: keyval 2014/10/28 v1.15 key=value parser (DPC)
\KV@toks@=\toks14
)
("/Users/stratos/Library/Application Support/MiKTeX/texmfs/install/tex/latex/gr
aphics/graphics.sty"
Package: graphics 2019/07/20 v1.3b Standard LaTeX Graphics (DPC,SPQR)

("/Users/stratos/Library/Application Support/MiKTeX/texmfs/install/tex/latex/gr
aphics/trig.sty"
Package: trig 2016/01/03 v1.10 sin cos tan (DPC)
)
("/Users/stratos/Library/Application Support/MiKTeX/texmfs/install/tex/latex/gr
aphics-cfg/graphics.cfg"
File: graphics.cfg 2016/06/04 v1.11 sample graphics configuration
)
Package graphics Info: Driver file: pdftex.def on input line 105.

("/Users/stratos/Library/Application Support/MiKTeX/texmfs/install/tex/latex/gr
aphics-def/pdftex.def"
File: pdftex.def 2018/01/08 v1.0l Graphics/color driver for pdftex
))
\Gin@req@height=\dimen103
\Gin@req@width=\dimen104
)
("/Users/stratos/Library/Application Support/MiKTeX/texmfs/install/tex/latex/xc
olor/xcolor.sty"
Package: xcolor 2016/05/11 v2.12 LaTeX color extensions (UK)

("/Users/stratos/Library/Application Support/MiKTeX/texmfs/install/tex/latex/gr
aphics-cfg/color.cfg"
File: color.cfg 2016/01/02 v1.6 sample color configuration
)
Package xcolor Info: Driver file: pdftex.def on input line 225.
Package xcolor Info: Model `cmy' substituted by `cmy0' on input line 1348.
Package xcolor Info: Model `hsb' substituted by `rgb' on input line 1352.
Package xcolor Info: Model `RGB' extended on input line 1364.
Package xcolor Info: Model `HTML' substituted by `rgb' on input line 1366.
Package xcolor Info: Model `Hsb' substituted by `hsb' on input line 1367.
Package xcolor Info: Model `tHsb' substituted by `hsb' on input line 1368.
Package xcolor Info: Model `HSB' substituted by `hsb' on input line 1369.
Package xcolor Info: Model `Gray' substituted by `gray' on input line 1370.
Package xcolor Info: Model `wave' substituted by `hsb' on input line 1371.
)
("/Users/stratos/Library/Application Support/MiKTeX/texmfs/install/tex/latex/am
smath/amstext.sty"
Package: amstext 2000/06/29 v2.01 AMS text

("/Users/stratos/Library/Application Support/MiKTeX/texmfs/install/tex/latex/am
smath/amsgen.sty"
File: amsgen.sty 1999/11/30 v2.0 generic functions
\@emptytoks=\toks15
\ex@=\dimen105
))
("/Users/stratos/Library/Application Support/MiKTeX/texmfs/install/tex/latex/ca
ption/caption.sty"
Package: caption 2019/09/01 v3.3d Customizing captions (AR)

("/Users/stratos/Library/Application Support/MiKTeX/texmfs/install/tex/latex/ca
ption/caption3.sty"
Package: caption3 2019/09/01 v1.8d caption3 kernel (AR)
Package caption3 Info: TeX engine: e-TeX on input line 64.
\captionmargin=\dimen106
\captionmargin@=\dimen107
\captionwidth=\dimen108
\caption@tempdima=\dimen109
\caption@indent=\dimen110
\caption@parindent=\dimen111
\caption@hangindent=\dimen112
)
\c@caption@flags=\count91
\c@ContinuedFloat=\count92
)
("/Users/stratos/Library/Application Support/MiKTeX/texmfs/install/tex/latex/mu
ltibib/multibib.sty"
Package: multibib 2008/12/10 v1.4 Multiple bibliographies for one document.
\mb@biblabelwidth=\count93
)
("/Users/stratos/Library/Application Support/MiKTeX/texmfs/install/tex/latex/et
oolbox/etoolbox.sty"
Package: etoolbox 2019/09/21 v2.5h e-TeX tools for LaTeX (JAW)
\etb@tempcnta=\count94
)
("/Users/stratos/Library/Application Support/MiKTeX/texmfs/install/tex/latex/ba
se/makeidx.sty"
Package: makeidx 2014/09/29 v1.0m Standard LaTeX package
)
("/Users/stratos/Library/Application Support/MiKTeX/texmfs/install/tex/latex/ca
ncel/cancel.sty"
Package: cancel 2013/04/12 v2.2 Cancel math terms
)
("/Users/stratos/Library/Application Support/MiKTeX/texmfs/install/tex/latex/pg
f/frontendlayer/tikz.sty"
("/Users/stratos/Library/Application Support/MiKTeX/texmfs/install/tex/latex/pg
f/basiclayer/pgf.sty"
("/Users/stratos/Library/Application Support/MiKTeX/texmfs/install/tex/latex/pg
f/utilities/pgfrcs.sty"
("/Users/stratos/Library/Application Support/MiKTeX/texmfs/install/tex/generic/
pgf/utilities/pgfutil-common.tex"
\pgfutil@everybye=\toks16
\pgfutil@tempdima=\dimen113
\pgfutil@tempdimb=\dimen114

("/Users/stratos/Library/Application Support/MiKTeX/texmfs/install/tex/generic/
pgf/utilities/pgfutil-common-lists.tex"))
("/Users/stratos/Library/Application Support/MiKTeX/texmfs/install/tex/generic/
pgf/utilities/pgfutil-latex.def"
\pgfutil@abb=\box27

("/Users/stratos/Library/Application Support/MiKTeX/texmfs/install/tex/latex/ms
/everyshi.sty"
Package: everyshi 2001/05/15 v3.00 EveryShipout Package (MS)
))
("/Users/stratos/Library/Application Support/MiKTeX/texmfs/install/tex/generic/
pgf/utilities/pgfrcs.code.tex"
("/Users/stratos/Library/Application Support/MiKTeX/texmfs/install/tex/generic/
pgf/pgf.revision.tex")
Package: pgfrcs 2019/08/03 v3.1.4b (3.1.4b)
))
Package: pgf 2019/08/03 v3.1.4b (3.1.4b)

("/Users/stratos/Library/Application Support/MiKTeX/texmfs/install/tex/latex/pg
f/basiclayer/pgfcore.sty"
("/Users/stratos/Library/Application Support/MiKTeX/texmfs/install/tex/latex/pg
f/systemlayer/pgfsys.sty"
("/Users/stratos/Library/Application Support/MiKTeX/texmfs/install/tex/generic/
pgf/systemlayer/pgfsys.code.tex"
Package: pgfsys 2019/08/03 v3.1.4b (3.1.4b)

("/Users/stratos/Library/Application Support/MiKTeX/texmfs/install/tex/generic/
pgf/utilities/pgfkeys.code.tex"
\pgfkeys@pathtoks=\toks17
\pgfkeys@temptoks=\toks18

("/Users/stratos/Library/Application Support/MiKTeX/texmfs/install/tex/generic/
pgf/utilities/pgfkeysfiltered.code.tex"
\pgfkeys@tmptoks=\toks19
))
\pgf@x=\dimen115
\pgf@y=\dimen116
\pgf@xa=\dimen117
\pgf@ya=\dimen118
\pgf@xb=\dimen119
\pgf@yb=\dimen120
\pgf@xc=\dimen121
\pgf@yc=\dimen122
\pgf@xd=\dimen123
\pgf@yd=\dimen124
\w@pgf@writea=\write3
\r@pgf@reada=\read1
\c@pgf@counta=\count95
\c@pgf@countb=\count96
\c@pgf@countc=\count97
\c@pgf@countd=\count98
\t@pgf@toka=\toks20
\t@pgf@tokb=\toks21
\t@pgf@tokc=\toks22
\pgf@sys@id@count=\count99

("/Users/stratos/Library/Application Support/MiKTeX/texmfs/install/tex/generic/
pgf/systemlayer/pgf.cfg"
File: pgf.cfg 2019/08/03 v3.1.4b (3.1.4b)
)
Driver file for pgf: pgfsys-pdftex.def

("/Users/stratos/Library/Application Support/MiKTeX/texmfs/install/tex/generic/
pgf/systemlayer/pgfsys-pdftex.def"
File: pgfsys-pdftex.def 2019/08/03 v3.1.4b (3.1.4b)

("/Users/stratos/Library/Application Support/MiKTeX/texmfs/install/tex/generic/
pgf/systemlayer/pgfsys-common-pdf.def"
File: pgfsys-common-pdf.def 2019/08/03 v3.1.4b (3.1.4b)
)))
("/Users/stratos/Library/Application Support/MiKTeX/texmfs/install/tex/generic/
pgf/systemlayer/pgfsyssoftpath.code.tex"
File: pgfsyssoftpath.code.tex 2019/08/03 v3.1.4b (3.1.4b)
\pgfsyssoftpath@smallbuffer@items=\count100
\pgfsyssoftpath@bigbuffer@items=\count101
)
("/Users/stratos/Library/Application Support/MiKTeX/texmfs/install/tex/generic/
pgf/systemlayer/pgfsysprotocol.code.tex"
File: pgfsysprotocol.code.tex 2019/08/03 v3.1.4b (3.1.4b)
))
("/Users/stratos/Library/Application Support/MiKTeX/texmfs/install/tex/generic/
pgf/basiclayer/pgfcore.code.tex"
Package: pgfcore 2019/08/03 v3.1.4b (3.1.4b)

("/Users/stratos/Library/Application Support/MiKTeX/texmfs/install/tex/generic/
pgf/math/pgfmath.code.tex"
("/Users/stratos/Library/Application Support/MiKTeX/texmfs/install/tex/generic/
pgf/math/pgfmathcalc.code.tex"
("/Users/stratos/Library/Application Support/MiKTeX/texmfs/install/tex/generic/
pgf/math/pgfmathutil.code.tex")
("/Users/stratos/Library/Application Support/MiKTeX/texmfs/install/tex/generic/
pgf/math/pgfmathparser.code.tex"
\pgfmath@dimen=\dimen125
\pgfmath@count=\count102
\pgfmath@box=\box28
\pgfmath@toks=\toks23
\pgfmath@stack@operand=\toks24
\pgfmath@stack@operation=\toks25
)
("/Users/stratos/Library/Application Support/MiKTeX/texmfs/install/tex/generic/
pgf/math/pgfmathfunctions.code.tex"
("/Users/stratos/Library/Application Support/MiKTeX/texmfs/install/tex/generic/
pgf/math/pgfmathfunctions.basic.code.tex")
("/Users/stratos/Library/Application Support/MiKTeX/texmfs/install/tex/generic/
pgf/math/pgfmathfunctions.trigonometric.code.tex")
("/Users/stratos/Library/Application Support/MiKTeX/texmfs/install/tex/generic/
pgf/math/pgfmathfunctions.random.code.tex")
("/Users/stratos/Library/Application Support/MiKTeX/texmfs/install/tex/generic/
pgf/math/pgfmathfunctions.comparison.code.tex")
("/Users/stratos/Library/Application Support/MiKTeX/texmfs/install/tex/generic/
pgf/math/pgfmathfunctions.base.code.tex")
("/Users/stratos/Library/Application Support/MiKTeX/texmfs/install/tex/generic/
pgf/math/pgfmathfunctions.round.code.tex")
("/Users/stratos/Library/Application Support/MiKTeX/texmfs/install/tex/generic/
pgf/math/pgfmathfunctions.misc.code.tex")
("/Users/stratos/Library/Application Support/MiKTeX/texmfs/install/tex/generic/
pgf/math/pgfmathfunctions.integerarithmetics.code.tex")))
("/Users/stratos/Library/Application Support/MiKTeX/texmfs/install/tex/generic/
pgf/math/pgfmathfloat.code.tex"
\c@pgfmathroundto@lastzeros=\count103
))
("/Users/stratos/Library/Application Support/MiKTeX/texmfs/install/tex/generic/
pgf/math/pgfint.code.tex")
("/Users/stratos/Library/Application Support/MiKTeX/texmfs/install/tex/generic/
pgf/basiclayer/pgfcorepoints.code.tex"
File: pgfcorepoints.code.tex 2019/08/03 v3.1.4b (3.1.4b)
\pgf@picminx=\dimen126
\pgf@picmaxx=\dimen127
\pgf@picminy=\dimen128
\pgf@picmaxy=\dimen129
\pgf@pathminx=\dimen130
\pgf@pathmaxx=\dimen131
\pgf@pathminy=\dimen132
\pgf@pathmaxy=\dimen133
\pgf@xx=\dimen134
\pgf@xy=\dimen135
\pgf@yx=\dimen136
\pgf@yy=\dimen137
\pgf@zx=\dimen138
\pgf@zy=\dimen139
)
("/Users/stratos/Library/Application Support/MiKTeX/texmfs/install/tex/generic/
pgf/basiclayer/pgfcorepathconstruct.code.tex"
File: pgfcorepathconstruct.code.tex 2019/08/03 v3.1.4b (3.1.4b)
\pgf@path@lastx=\dimen140
\pgf@path@lasty=\dimen141
)
("/Users/stratos/Library/Application Support/MiKTeX/texmfs/install/tex/generic/
pgf/basiclayer/pgfcorepathusage.code.tex"
File: pgfcorepathusage.code.tex 2019/08/03 v3.1.4b (3.1.4b)
\pgf@shorten@end@additional=\dimen142
\pgf@shorten@start@additional=\dimen143
)
("/Users/stratos/Library/Application Support/MiKTeX/texmfs/install/tex/generic/
pgf/basiclayer/pgfcorescopes.code.tex"
File: pgfcorescopes.code.tex 2019/08/03 v3.1.4b (3.1.4b)
\pgfpic=\box29
\pgf@hbox=\box30
\pgf@layerbox@main=\box31
\pgf@picture@serial@count=\count104
)
("/Users/stratos/Library/Application Support/MiKTeX/texmfs/install/tex/generic/
pgf/basiclayer/pgfcoregraphicstate.code.tex"
File: pgfcoregraphicstate.code.tex 2019/08/03 v3.1.4b (3.1.4b)
\pgflinewidth=\dimen144
)
("/Users/stratos/Library/Application Support/MiKTeX/texmfs/install/tex/generic/
pgf/basiclayer/pgfcoretransformations.code.tex"
File: pgfcoretransformations.code.tex 2019/08/03 v3.1.4b (3.1.4b)
\pgf@pt@x=\dimen145
\pgf@pt@y=\dimen146
\pgf@pt@temp=\dimen147
)
("/Users/stratos/Library/Application Support/MiKTeX/texmfs/install/tex/generic/
pgf/basiclayer/pgfcorequick.code.tex"
File: pgfcorequick.code.tex 2019/08/03 v3.1.4b (3.1.4b)
)
("/Users/stratos/Library/Application Support/MiKTeX/texmfs/install/tex/generic/
pgf/basiclayer/pgfcoreobjects.code.tex"
File: pgfcoreobjects.code.tex 2019/08/03 v3.1.4b (3.1.4b)
)
("/Users/stratos/Library/Application Support/MiKTeX/texmfs/install/tex/generic/
pgf/basiclayer/pgfcorepathprocessing.code.tex"
File: pgfcorepathprocessing.code.tex 2019/08/03 v3.1.4b (3.1.4b)
)
("/Users/stratos/Library/Application Support/MiKTeX/texmfs/install/tex/generic/
pgf/basiclayer/pgfcorearrows.code.tex"
File: pgfcorearrows.code.tex 2019/08/03 v3.1.4b (3.1.4b)
\pgfarrowsep=\dimen148
)
("/Users/stratos/Library/Application Support/MiKTeX/texmfs/install/tex/generic/
pgf/basiclayer/pgfcoreshade.code.tex"
File: pgfcoreshade.code.tex 2019/08/03 v3.1.4b (3.1.4b)
\pgf@max=\dimen149
\pgf@sys@shading@range@num=\count105
\pgf@shadingcount=\count106
)
("/Users/stratos/Library/Application Support/MiKTeX/texmfs/install/tex/generic/
pgf/basiclayer/pgfcoreimage.code.tex"
File: pgfcoreimage.code.tex 2019/08/03 v3.1.4b (3.1.4b)

("/Users/stratos/Library/Application Support/MiKTeX/texmfs/install/tex/generic/
pgf/basiclayer/pgfcoreexternal.code.tex"
File: pgfcoreexternal.code.tex 2019/08/03 v3.1.4b (3.1.4b)
\pgfexternal@startupbox=\box32
))
("/Users/stratos/Library/Application Support/MiKTeX/texmfs/install/tex/generic/
pgf/basiclayer/pgfcorelayers.code.tex"
File: pgfcorelayers.code.tex 2019/08/03 v3.1.4b (3.1.4b)
)
("/Users/stratos/Library/Application Support/MiKTeX/texmfs/install/tex/generic/
pgf/basiclayer/pgfcoretransparency.code.tex"
File: pgfcoretransparency.code.tex 2019/08/03 v3.1.4b (3.1.4b)
)
("/Users/stratos/Library/Application Support/MiKTeX/texmfs/install/tex/generic/
pgf/basiclayer/pgfcorepatterns.code.tex"
File: pgfcorepatterns.code.tex 2019/08/03 v3.1.4b (3.1.4b)
)
("/Users/stratos/Library/Application Support/MiKTeX/texmfs/install/tex/generic/
pgf/basiclayer/pgfcorerdf.code.tex"
File: pgfcorerdf.code.tex 2019/08/03 v3.1.4b (3.1.4b)
)))
("/Users/stratos/Library/Application Support/MiKTeX/texmfs/install/tex/generic/
pgf/modules/pgfmoduleshapes.code.tex"
File: pgfmoduleshapes.code.tex 2019/08/03 v3.1.4b (3.1.4b)
\pgfnodeparttextbox=\box33
)
("/Users/stratos/Library/Application Support/MiKTeX/texmfs/install/tex/generic/
pgf/modules/pgfmoduleplot.code.tex"
File: pgfmoduleplot.code.tex 2019/08/03 v3.1.4b (3.1.4b)
)
("/Users/stratos/Library/Application Support/MiKTeX/texmfs/install/tex/latex/pg
f/compatibility/pgfcomp-version-0-65.sty"
Package: pgfcomp-version-0-65 2019/08/03 v3.1.4b (3.1.4b)
\pgf@nodesepstart=\dimen150
\pgf@nodesepend=\dimen151
)
("/Users/stratos/Library/Application Support/MiKTeX/texmfs/install/tex/latex/pg
f/compatibility/pgfcomp-version-1-18.sty"
Package: pgfcomp-version-1-18 2019/08/03 v3.1.4b (3.1.4b)
))
("/Users/stratos/Library/Application Support/MiKTeX/texmfs/install/tex/latex/pg
f/utilities/pgffor.sty"
("/Users/stratos/Library/Application Support/MiKTeX/texmfs/install/tex/latex/pg
f/utilities/pgfkeys.sty"
("/Users/stratos/Library/Application Support/MiKTeX/texmfs/install/tex/generic/
pgf/utilities/pgfkeys.code.tex"))
("/Users/stratos/Library/Application Support/MiKTeX/texmfs/install/tex/latex/pg
f/math/pgfmath.sty"
("/Users/stratos/Library/Application Support/MiKTeX/texmfs/install/tex/generic/
pgf/math/pgfmath.code.tex"))
("/Users/stratos/Library/Application Support/MiKTeX/texmfs/install/tex/generic/
pgf/utilities/pgffor.code.tex"
Package: pgffor 2019/08/03 v3.1.4b (3.1.4b)

("/Users/stratos/Library/Application Support/MiKTeX/texmfs/install/tex/generic/
pgf/math/pgfmath.code.tex")
\pgffor@iter=\dimen152
\pgffor@skip=\dimen153
\pgffor@stack=\toks26
\pgffor@toks=\toks27
))
("/Users/stratos/Library/Application Support/MiKTeX/texmfs/install/tex/generic/
pgf/frontendlayer/tikz/tikz.code.tex"
Package: tikz 2019/08/03 v3.1.4b (3.1.4b)

("/Users/stratos/Library/Application Support/MiKTeX/texmfs/install/tex/generic/
pgf/libraries/pgflibraryplothandlers.code.tex"
File: pgflibraryplothandlers.code.tex 2019/08/03 v3.1.4b (3.1.4b)
\pgf@plot@mark@count=\count107
\pgfplotmarksize=\dimen154
)
\tikz@lastx=\dimen155
\tikz@lasty=\dimen156
\tikz@lastxsaved=\dimen157
\tikz@lastysaved=\dimen158
\tikz@lastmovetox=\dimen159
\tikz@lastmovetoy=\dimen160
\tikzleveldistance=\dimen161
\tikzsiblingdistance=\dimen162
\tikz@figbox=\box34
\tikz@figbox@bg=\box35
\tikz@tempbox=\box36
\tikz@tempbox@bg=\box37
\tikztreelevel=\count108
\tikznumberofchildren=\count109
\tikznumberofcurrentchild=\count110
\tikz@fig@count=\count111

("/Users/stratos/Library/Application Support/MiKTeX/texmfs/install/tex/generic/
pgf/modules/pgfmodulematrix.code.tex"
File: pgfmodulematrix.code.tex 2019/08/03 v3.1.4b (3.1.4b)
\pgfmatrixcurrentrow=\count112
\pgfmatrixcurrentcolumn=\count113
\pgf@matrix@numberofcolumns=\count114
)
\tikz@expandcount=\count115

("/Users/stratos/Library/Application Support/MiKTeX/texmfs/install/tex/generic/
pgf/frontendlayer/tikz/libraries/tikzlibrarytopaths.code.tex"
File: tikzlibrarytopaths.code.tex 2019/08/03 v3.1.4b (3.1.4b)
)))
("/Users/stratos/Library/Application Support/MiKTeX/texmfs/install/tex/generic/
pgf/frontendlayer/tikz/libraries/tikzlibrarymatrix.code.tex"
File: tikzlibrarymatrix.code.tex 2019/08/03 v3.1.4b (3.1.4b)
)
("/Users/stratos/Library/Application Support/MiKTeX/texmfs/install/tex/generic/
pgf/frontendlayer/tikz/libraries/tikzlibrarychains.code.tex"
File: tikzlibrarychains.code.tex 2019/08/03 v3.1.4b (3.1.4b)

("/Users/stratos/Library/Application Support/MiKTeX/texmfs/install/tex/generic/
pgf/frontendlayer/tikz/libraries/tikzlibrarypositioning.code.tex"
File: tikzlibrarypositioning.code.tex 2019/08/03 v3.1.4b (3.1.4b)
))
("/Users/stratos/Library/Application Support/MiKTeX/texmfs/install/tex/generic/
pgf/frontendlayer/tikz/libraries/tikzlibraryarrows.code.tex"
File: tikzlibraryarrows.code.tex 2019/08/03 v3.1.4b (3.1.4b)

("/Users/stratos/Library/Application Support/MiKTeX/texmfs/install/tex/generic/
pgf/libraries/pgflibraryarrows.code.tex"
File: pgflibraryarrows.code.tex 2019/08/03 v3.1.4b (3.1.4b)
\arrowsize=\dimen163
))
\@input{epsf.aux}
\openout2 = `epsf.aux'.


("/Users/stratos/Library/Application Support/MiKTeX/texmfs/install/tex/generic/
epsf/epsf.tex"
This is `epsf.tex' v2.7.4 <14 February 2011>
\epsffilein=\read2
\epsfframemargin=\dimen164
\epsfframethickness=\dimen165
\epsfrsize=\dimen166
\epsftmp=\dimen167
\epsftsize=\dimen168
\epsfxsize=\dimen169
\epsfysize=\dimen170
\pspoints=\dimen171
)
("/Users/stratos/Library/Application Support/MiKTeX/texmfs/install/tex/latex/br
aket/braket.sty")
("/Users/stratos/Library/Application Support/MiKTeX/texmfs/install/tex/latex/am
smath/amsmath.sty"
Package: amsmath 2019/04/01 v2.17c AMS math features
\@mathmargin=\skip45

For additional information on amsmath, use the `?' option.

("/Users/stratos/Library/Application Support/MiKTeX/texmfs/install/tex/latex/am
smath/amsbsy.sty"
Package: amsbsy 1999/11/29 v1.2d Bold Symbols
\pmbraise@=\dimen172
)
("/Users/stratos/Library/Application Support/MiKTeX/texmfs/install/tex/latex/am
smath/amsopn.sty"
Package: amsopn 2016/03/08 v2.02 operator names
)
\inf@bad=\count116
LaTeX Info: Redefining \frac on input line 227.
\uproot@=\count117
\leftroot@=\count118
LaTeX Info: Redefining \overline on input line 389.
\classnum@=\count119
\DOTSCASE@=\count120
LaTeX Info: Redefining \ldots on input line 486.
LaTeX Info: Redefining \dots on input line 489.
LaTeX Info: Redefining \cdots on input line 610.
\Mathstrutbox@=\box38
\strutbox@=\box39
\big@size=\dimen173
LaTeX Font Info:    Redeclaring font encoding OML on input line 733.
LaTeX Font Info:    Redeclaring font encoding OMS on input line 734.
\macc@depth=\count121
\c@MaxMatrixCols=\count122
\dotsspace@=\muskip10
\c@parentequation=\count123
\dspbrk@lvl=\count124
\tag@help=\toks28
\row@=\count125
\column@=\count126
\maxfields@=\count127
\andhelp@=\toks29
\eqnshift@=\dimen174
\alignsep@=\dimen175
\tagshift@=\dimen176
\tagwidth@=\dimen177
\totwidth@=\dimen178
\lineht@=\dimen179
\@envbody=\toks30
\multlinegap=\skip46
\multlinetaggap=\skip47
\mathdisplay@stack=\toks31
LaTeX Info: Redefining \[ on input line 2855.
LaTeX Info: Redefining \] on input line 2856.
)
("/Users/stratos/Library/Application Support/MiKTeX/texmfs/install/tex/latex/am
sfonts/amssymb.sty"
Package: amssymb 2013/01/14 v3.01 AMS font symbols

("/Users/stratos/Library/Application Support/MiKTeX/texmfs/install/tex/latex/am
sfonts/amsfonts.sty"
Package: amsfonts 2013/01/14 v3.01 Basic AMSFonts support
\symAMSa=\mathgroup4
\symAMSb=\mathgroup5
LaTeX Font Info:    Redeclaring math symbol \hbar on input line 98.
LaTeX Font Info:    Overwriting math alphabet `\mathfrak' in version `bold'
(Font)                  U/euf/m/n --> U/euf/b/n on input line 106.
))
("/Users/stratos/Library/Application Support/MiKTeX/texmfs/install/tex/latex/gr
aphics/epsfig.sty"
Package: epsfig 2017/06/25 v1.7b (e)psfig emulation (SPQR)
\epsfxsize=\dimen180
\epsfysize=\dimen181
)
("/Users/stratos/Library/Application Support/MiKTeX/texmfs/install/tex/latex/am
smath/amscd.sty"
Package: amscd 2017/04/14 v2.1 AMS Commutative Diagrams
\athelp@=\toks32
\minaw@=\dimen182
\bigaw@=\dimen183
\minCDarrowwidth=\dimen184
)
("/Users/stratos/Library/Application Support/MiKTeX/texmfs/install/tex/latex/jk
nappen/mathrsfs.sty"
Package: mathrsfs 1996/01/01 Math RSFS package v1.0 (jk)
\symrsfs=\mathgroup6
)
("/Users/stratos/Library/Application Support/MiKTeX/texmfs/install/tex/latex/do
ublestroke/dsfont.sty"
Package: dsfont 1995/08/01 v0.1 Double stroke roman fonts
)
("/Users/stratos/Library/Application Support/MiKTeX/texmfs/install/tex/latex/to
ols/array.sty"
Package: array 2019/08/31 v2.4l Tabular extension package (FMi)
\col@sep=\dimen185
\ar@mcellbox=\box40
\extrarowheight=\dimen186
\NC@list=\toks33
\extratabsurround=\skip48
\backup@length=\skip49
\ar@cellbox=\box41
)
("/Users/stratos/Library/Application Support/MiKTeX/texmfs/install/tex/latex/sh
ipunov/boldline.sty"
Package: boldline 2008/02/04 v0.2 Adjust line width in tables
)
("/Users/stratos/Library/Application Support/MiKTeX/texmfs/install/tex/latex/ma
kecell/makecell.sty"
Package: makecell 2009/08/03 V0.1e Managing of Tab Column Heads and Cells
\rotheadsize=\dimen187
\c@nlinenum=\count128
\TeXr@lab=\toks34
)
("/Users/stratos/Library/Application Support/MiKTeX/texmfs/install/tex/latex/bo
oktabs/booktabs.sty"
Package: booktabs 2005/04/14 v1.61803 publication quality tables
\heavyrulewidth=\dimen188
\lightrulewidth=\dimen189
\cmidrulewidth=\dimen190
\belowrulesep=\dimen191
\belowbottomsep=\dimen192
\aboverulesep=\dimen193
\abovetopsep=\dimen194
\cmidrulesep=\dimen195
\cmidrulekern=\dimen196
\defaultaddspace=\dimen197
\@cmidla=\count129
\@cmidlb=\count130
\@aboverulesep=\dimen198
\@belowrulesep=\dimen199
\@thisruleclass=\count131
\@lastruleclass=\count132
\@thisrulewidth=\dimen256
)
("/Users/stratos/Library/Application Support/MiKTeX/texmfs/install/tex/latex/ma
thtools/mathtools.sty"
Package: mathtools 2019/07/31 v1.22 mathematical typesetting tools

("/Users/stratos/Library/Application Support/MiKTeX/texmfs/install/tex/latex/to
ols/calc.sty"
Package: calc 2017/05/25 v4.3 Infix arithmetic (KKT,FJ)
\calc@Acount=\count133
\calc@Bcount=\count134
\calc@Adimen=\dimen257
\calc@Bdimen=\dimen258
\calc@Askip=\skip50
\calc@Bskip=\skip51
LaTeX Info: Redefining \setlength on input line 80.
LaTeX Info: Redefining \addtolength on input line 81.
\calc@Ccount=\count135
\calc@Cskip=\skip52
)
("/Users/stratos/Library/Application Support/MiKTeX/texmfs/install/tex/latex/ma
thtools/mhsetup.sty"
Package: mhsetup 2017/03/31 v1.3 programming setup (MH)
)
LaTeX Info: Thecontrolsequence`\('isalreadyrobust on input line 129.
LaTeX Info: Thecontrolsequence`\)'isalreadyrobust on input line 129.
LaTeX Info: Thecontrolsequence`\['isalreadyrobust on input line 129.
LaTeX Info: Thecontrolsequence`\]'isalreadyrobust on input line 129.
\g_MT_multlinerow_int=\count136
\l_MT_multwidth_dim=\dimen259
\origjot=\skip53
\l_MT_shortvdotswithinadjustabove_dim=\dimen260
\l_MT_shortvdotswithinadjustbelow_dim=\dimen261
\l_MT_above_intertext_sep=\dimen262
\l_MT_below_intertext_sep=\dimen263
\l_MT_above_shortintertext_sep=\dimen264
\l_MT_below_shortintertext_sep=\dimen265
)
("/Users/stratos/Library/Application Support/MiKTeX/texmfs/install/tex/latex/am
scls/amsthm.sty"
Package: amsthm 2017/10/31 v2.20.4
\thm@style=\toks35
\thm@bodyfont=\toks36
\thm@headfont=\toks37
\thm@notefont=\toks38
\thm@headpunct=\toks39
\thm@preskip=\skip54
\thm@postskip=\skip55
\thm@headsep=\skip56
\dth@everypar=\toks40
)
("/Users/stratos/Library/Application Support/MiKTeX/texmfs/install/tex/latex/ba
se/inputenc.sty"
Package: inputenc 2018/08/11 v1.3c Input encoding file
\inpenc@prehook=\toks41
\inpenc@posthook=\toks42

("/Users/stratos/Library/Application Support/MiKTeX/texmfs/install/tex/latex/ba
se/applemac.def"
File: applemac.def 2018/08/11 v1.3c Input encoding file
))
("/Users/stratos/Library/Application Support/MiKTeX/texmfs/install/tex/generic/
babel/babel.sty"
Package: babel 2019/09/27 3.34 The Babel package

("/Users/stratos/Library/Application Support/MiKTeX/texmfs/install/tex/generic/
babel/switch.def"
File: switch.def 2019/09/27 3.34 Babel switching mechanism
)
*************************************
* Local config file bblopts.cfg used
*

("/Users/stratos/Library/Application Support/MiKTeX/texmfs/install/tex/latex/ar
abi/bblopts.cfg"
File: bblopts.cfg 2005/09/08 v0.1 add Arabic and Farsi to "declared" options of
 babel
)
("/Users/stratos/Library/Application Support/MiKTeX/texmfs/install/tex/latex/ba
bel-english/english.ldf"
Language: english 2017/06/06 v3.3r English support from the babel system

("/Users/stratos/Library/Application Support/MiKTeX/texmfs/install/tex/generic/
babel/babel.def"
File: babel.def 2019/09/27 3.34 Babel common definitions
\babel@savecnt=\count137
\U@D=\dimen266

("/Users/stratos/Library/Application Support/MiKTeX/texmfs/install/tex/generic/
babel/txtbabel.def")
\bbl@dirlevel=\count138
)
\l@british = a dialect from \language\l@english 
\l@UKenglish = a dialect from \language\l@english 
\l@american = a dialect from \language\l@english 
\l@canadian = a dialect from \language\l@american 
\l@australian = a dialect from \language\l@british 
\l@newzealand = a dialect from \language\l@british 
))
("/Users/stratos/Library/Application Support/MiKTeX/texmfs/install/tex/latex/en
umitem/enumitem.sty"
Package: enumitem 2019/06/20 v3.9 Customized lists
\labelindent=\skip57
\enit@outerparindent=\dimen267
\enit@toks=\toks43
\enit@inbox=\box42
\enit@count@id=\count139
\enitdp@description=\count140
)
("/Users/stratos/Library/Application Support/MiKTeX/texmfs/install/tex/latex/ba
se/latexsym.sty"
Package: latexsym 1998/08/17 v2.2e Standard LaTeX package (lasy symbols)
\symlasy=\mathgroup7
LaTeX Font Info:    Overwriting symbol font `lasy' in version `bold'
(Font)                  U/lasy/m/n --> U/lasy/b/n on input line 52.
)
("/Users/stratos/Library/Application Support/MiKTeX/texmfs/install/tex/latex/hy
perref/hyperref.sty"
Package: hyperref 2019/09/28 v7.00a Hypertext links for LaTeX

("/Users/stratos/Library/Application Support/MiKTeX/texmfs/install/tex/generic/
oberdiek/hobsub-hyperref.sty"
Package: hobsub-hyperref 2016/05/16 v1.14 Bundle oberdiek, subset hyperref (HO)


("/Users/stratos/Library/Application Support/MiKTeX/texmfs/install/tex/generic/
oberdiek/hobsub-generic.sty"
Package: hobsub-generic 2016/05/16 v1.14 Bundle oberdiek, subset generic (HO)
Package: hobsub 2016/05/16 v1.14 Construct package bundles (HO)
Package: infwarerr 2016/05/16 v1.4 Providing info/warning/error messages (HO)
Package: ltxcmds 2016/05/16 v1.23 LaTeX kernel commands for general use (HO)
Package: ifluatex 2016/05/16 v1.4 Provides the ifluatex switch (HO)
Package ifluatex Info: LuaTeX not detected.
Package: ifvtex 2016/05/16 v1.6 Detect VTeX and its facilities (HO)
Package ifvtex Info: VTeX not detected.
Package: intcalc 2016/05/16 v1.2 Expandable calculations with integers (HO)
Package: ifpdf 2018/09/07 v3.3 Provides the ifpdf switch
Package: etexcmds 2016/05/16 v1.6 Avoid name clashes with e-TeX commands (HO)
Package: kvsetkeys 2016/05/16 v1.17 Key value parser (HO)
Package: kvdefinekeys 2016/05/16 v1.4 Define keys (HO)
Package: pdftexcmds 2019/07/25 v0.30 Utility functions of pdfTeX for LuaTeX (HO
)
Package pdftexcmds Info: LuaTeX not detected.
Package pdftexcmds Info: \pdf@primitive is available.
Package pdftexcmds Info: \pdf@ifprimitive is available.
Package pdftexcmds Info: \pdfdraftmode found.
Package: pdfescape 2016/05/16 v1.14 Implements pdfTeX's escape features (HO)
Package: bigintcalc 2016/05/16 v1.4 Expandable calculations on big integers (HO
)
Package: bitset 2016/05/16 v1.2 Handle bit-vector datatype (HO)
Package: uniquecounter 2016/05/16 v1.3 Provide unlimited unique counter (HO)
)
Package hobsub Info: Skipping package `hobsub' (already loaded).
Package: letltxmacro 2016/05/16 v1.5 Let assignment for LaTeX macros (HO)
Package: hopatch 2016/05/16 v1.3 Wrapper for package hooks (HO)
Package: xcolor-patch 2016/05/16 xcolor patch
Package: atveryend 2016/05/16 v1.9 Hooks at the very end of document (HO)
Package: atbegshi 2016/06/09 v1.18 At begin shipout hook (HO)
Package: refcount 2016/05/16 v3.5 Data extraction from label references (HO)
Package: hycolor 2016/05/16 v1.8 Color options for hyperref/bookmark (HO)
)
("/Users/stratos/Library/Application Support/MiKTeX/texmfs/install/tex/generic/
ifxetex/ifxetex.sty"
Package: ifxetex 2010/09/12 v0.6 Provides ifxetex conditional
)
("/Users/stratos/Library/Application Support/MiKTeX/texmfs/install/tex/latex/ob
erdiek/auxhook.sty"
Package: auxhook 2016/05/16 v1.4 Hooks for auxiliary files (HO)
)
("/Users/stratos/Library/Application Support/MiKTeX/texmfs/install/tex/latex/ob
erdiek/kvoptions.sty"
Package: kvoptions 2016/05/16 v3.12 Key value format for package options (HO)
)
\@linkdim=\dimen268
\Hy@linkcounter=\count141
\Hy@pagecounter=\count142

("/Users/stratos/Library/Application Support/MiKTeX/texmfs/install/tex/latex/hy
perref/pd1enc.def"
File: pd1enc.def 2019/09/28 v7.00a Hyperref: PDFDocEncoding definition (HO)
Now handling font encoding PD1 ...
... no UTF-8 mapping file for font encoding PD1
)
\Hy@SavedSpaceFactor=\count143

("/Users/stratos/Library/Application Support/MiKTeX/texmfs/install/tex/latex/00
miktex/hyperref.cfg"
File: hyperref.cfg 2002/06/06 v1.2 hyperref configuration of TeXLive
)
Package hyperref Info: Option `CJKbookmarks' set `true' on input line 4414.
Package hyperref Info: Option `bookmarksnumbered' set `true' on input line 4414
.
Package hyperref Info: Option `bookmarksopen' set `true' on input line 4414.
Package hyperref Info: Option `colorlinks' set `true' on input line 4414.
Package hyperref Info: Hyper figures OFF on input line 4540.
Package hyperref Info: Link nesting OFF on input line 4545.
Package hyperref Info: Hyper index ON on input line 4548.
Package hyperref Info: Plain pages OFF on input line 4555.
Package hyperref Info: Backreferencing OFF on input line 4560.
Package hyperref Info: Implicit mode ON; LaTeX internals redefined.
Package hyperref Info: Bookmarks ON on input line 4793.
\c@Hy@tempcnt=\count144

("/Users/stratos/Library/Application Support/MiKTeX/texmfs/install/tex/latex/ur
l/url.sty"
\Urlmuskip=\muskip11
Package: url 2013/09/16  ver 3.4  Verb mode for urls, etc.
)
LaTeX Info: Redefining \url on input line 5152.
\XeTeXLinkMargin=\dimen269
\Fld@menulength=\count145
\Field@Width=\dimen270
\Fld@charsize=\dimen271
Package hyperref Info: Hyper figures OFF on input line 6423.
Package hyperref Info: Link nesting OFF on input line 6428.
Package hyperref Info: Hyper index ON on input line 6431.
Package hyperref Info: backreferencing OFF on input line 6438.
Package hyperref Info: Link coloring ON on input line 6441.
Package hyperref Info: Link coloring with OCG OFF on input line 6448.
Package hyperref Info: PDF/A mode OFF on input line 6453.
LaTeX Info: Redefining \ref on input line 6493.
LaTeX Info: Redefining \pageref on input line 6497.
\Hy@abspage=\count146
\c@Item=\count147
\c@Hfootnote=\count148
)
Package hyperref Info: Driver: hpdftex.

("/Users/stratos/Library/Application Support/MiKTeX/texmfs/install/tex/latex/hy
perref/hpdftex.def"
File: hpdftex.def 2019/09/28 v7.00a Hyperref driver for pdfTeX
\Fld@listcount=\count149
\c@bookmark@seq@number=\count150

("/Users/stratos/Library/Application Support/MiKTeX/texmfs/install/tex/latex/ob
erdiek/rerunfilecheck.sty"
Package: rerunfilecheck 2016/05/16 v1.8 Rerun checks for auxiliary files (HO)
Package uniquecounter Info: New unique counter `rerunfilecheck' on input line 2
82.
)
\Hy@SectionHShift=\skip58
)
("/Users/stratos/Library/Application Support/MiKTeX/texmfs/install/tex/generic/
xypic/xy.tex" Bootstrap'ing: catcodes, docmode,
("/Users/stratos/Library/Application Support/MiKTeX/texmfs/install/tex/generic/
xypic/xyrecat.tex")
("/Users/stratos/Library/Application Support/MiKTeX/texmfs/install/tex/generic/
xypic/xyidioms.tex")

 Xy-pic version 3.8.9 <2013/10/06>
 Copyright (c) 1991-2013 by Kristoffer H. Rose <krisrose@tug.org> and others
 Xy-pic is free software: see the User's Guide for details.

Loading kernel: messages; fonts; allocations: state,
\X@c=\dimen272
\Y@c=\dimen273
\U@c=\dimen274
\D@c=\dimen275
\L@c=\dimen276
\R@c=\dimen277
\Edge@c=\toks44
\X@p=\dimen278
\Y@p=\dimen279
\U@p=\dimen280
\D@p=\dimen281
\L@p=\dimen282
\R@p=\dimen283
\Edge@p=\toks45
\X@origin=\dimen284
\Y@origin=\dimen285
\X@xbase=\dimen286
\Y@xbase=\dimen287
\X@ybase=\dimen288
\Y@ybase=\dimen289
\X@min=\dimen290
\Y@min=\dimen291
\X@max=\dimen292
\Y@max=\dimen293
\lastobjectbox@=\box43
\zerodotbox@=\box44
\almostz@=\dimen294
 direction,
\d@X=\dimen295
\d@Y=\dimen296
\K@=\count151
\KK@=\count152
\Direction=\count153
\K@dXdY=\dimen297
\K@dYdX=\dimen298
\xyread@=\read3
\xywrite@=\write4
\csp@=\count154
\quotPTK@=\dimen299

utility macros; pictures: \xy, positions,
\swaptoks@@=\toks46
\connectobjectbox@@=\box45
 objects,
\styletoks@=\toks47
 decorations;
kernel objects: directionals, circles, text; options; algorithms: directions,
edges, connections;  Xy-pic loaded)
("/Users/stratos/Library/Application Support/MiKTeX/texmfs/install/tex/generic/
xypic/xyall.tex"  Xy-pic option: All features v.3.8
("/Users/stratos/Library/Application Support/MiKTeX/texmfs/install/tex/generic/
xypic/xycurve.tex"  Xy-pic option: Curve and Spline extension v.3.12 curve,
\crv@cnt@=\count155
\crvpts@=\toks48
\splinebox@=\box46
\splineval@=\dimen300
\splinedepth@=\dimen301
\splinetol@=\dimen302
\splinelength@=\dimen303

circles,
\L@=\dimen304
 loaded)
("/Users/stratos/Library/Application Support/MiKTeX/texmfs/install/tex/generic/
xypic/xyframe.tex"  Xy-pic option: Frame and Bracket extension v.3.14 loaded)
("/Users/stratos/Library/Application Support/MiKTeX/texmfs/install/tex/generic/
xypic/xycmtip.tex"  Xy-pic option: Computer Modern tip extension v.3.7
("/Users/stratos/Library/Application Support/MiKTeX/texmfs/install/tex/generic/
xypic/xytips.tex"  Xy-pic option: More Tips extension v.3.11 loaded) loaded)
("/Users/stratos/Library/Application Support/MiKTeX/texmfs/install/tex/generic/
xypic/xyline.tex"  Xy-pic option: Line styles extension v.3.10
\xylinethick@=\dimen305
 loaded)
("/Users/stratos/Library/Application Support/MiKTeX/texmfs/install/tex/generic/
xypic/xyrotate.tex"  Xy-pic option: Rotate and Scale extension v.3.8 loaded)
("/Users/stratos/Library/Application Support/MiKTeX/texmfs/install/tex/generic/
xypic/xycolor.tex"  Xy-pic option: Colour extension v.3.11 loaded)
("/Users/stratos/Library/Application Support/MiKTeX/texmfs/install/tex/generic/
xypic/xymatrix.tex"  Xy-pic option: Matrix feature v.3.14
\Row=\count156
\Col=\count157
\queue@=\toks49
\queue@@=\toks50
\qcount@=\count158
\qcount@@=\count159
\matrixsize@=\count160
 loaded)
("/Users/stratos/Library/Application Support/MiKTeX/texmfs/install/tex/generic/
xypic/xyarrow.tex"  Xy-pic option: Arrow and Path feature v.3.9 path, \ar,
loaded)
("/Users/stratos/Library/Application Support/MiKTeX/texmfs/install/tex/generic/
xypic/xygraph.tex"  Xy-pic option: Graph feature v.3.11 loaded) loaded)
(BFSS_project.aux)
\openout1 = `BFSS_project.aux'.

LaTeX Font Info:    Checking defaults for OML/cmm/m/it on input line 97.
LaTeX Font Info:    ... okay on input line 97.
LaTeX Font Info:    Checking defaults for T1/cmr/m/n on input line 97.
LaTeX Font Info:    ... okay on input line 97.
LaTeX Font Info:    Checking defaults for OT1/cmr/m/n on input line 97.
LaTeX Font Info:    ... okay on input line 97.
LaTeX Font Info:    Checking defaults for OMS/cmsy/m/n on input line 97.
LaTeX Font Info:    ... okay on input line 97.
LaTeX Font Info:    Checking defaults for OMX/cmex/m/n on input line 97.
LaTeX Font Info:    ... okay on input line 97.
LaTeX Font Info:    Checking defaults for U/cmr/m/n on input line 97.
LaTeX Font Info:    ... okay on input line 97.
LaTeX Font Info:    Checking defaults for PD1/pdf/m/n on input line 97.
LaTeX Font Info:    ... okay on input line 97.

("/Users/stratos/Library/Application Support/MiKTeX/texmfs/install/tex/context/
base/mkii/supp-pdf.mkii"
[Loading MPS to PDF converter (version 2006.09.02).]
\scratchcounter=\count161
\scratchdimen=\dimen306
\scratchbox=\box47
\nofMPsegments=\count162
\nofMParguments=\count163
\everyMPshowfont=\toks51
\MPscratchCnt=\count164
\MPscratchDim=\dimen307
\MPnumerator=\count165
\makeMPintoPDFobject=\count166
\everyMPtoPDFconversion=\toks52
)
("/Users/stratos/Library/Application Support/MiKTeX/texmfs/install/tex/latex/ob
erdiek/epstopdf-base.sty"
Package: epstopdf-base 2016/05/15 v2.6 Base part for package epstopdf

("/Users/stratos/Library/Application Support/MiKTeX/texmfs/install/tex/latex/ob
erdiek/grfext.sty"
Package: grfext 2016/05/16 v1.2 Manage graphics extensions (HO)
)
Package epstopdf-base Info: Redefining graphics rule for `.eps' on input line 4
38.
Package grfext Info: Graphics extension search list:
(grfext)             [.pdf,.png,.jpg,.mps,.jpeg,.jbig2,.jb2,.PDF,.PNG,.JPG,.JPE
G,.JBIG2,.JB2,.eps]
(grfext)             \AppendGraphicsExtensions on input line 456.
)
Package caption Info: Begin \AtBeginDocument code.
Package caption Info: hyperref package is loaded.
Package caption Info: End \AtBeginDocument code.
 ABD: EveryShipout initializing macros
\AtBeginShipoutBox=\box48
Package hyperref Info: Link coloring ON on input line 97.

("/Users/stratos/Library/Application Support/MiKTeX/texmfs/install/tex/latex/hy
perref/nameref.sty"
Package: nameref 2019/09/16 v2.46 Cross-referencing by name of section

("/Users/stratos/Library/Application Support/MiKTeX/texmfs/install/tex/generic/
oberdiek/gettitlestring.sty"
Package: gettitlestring 2016/05/16 v1.5 Cleanup title references (HO)
)
\c@section@level=\count167
)
LaTeX Info: Redefining \ref on input line 97.
LaTeX Info: Redefining \pageref on input line 97.
LaTeX Info: Redefining \nameref on input line 97.
 (BFSS_project.out) (BFSS_project.out)
\@outlinefile=\write5
\openout5 = `BFSS_project.out'.

 [1



{/Users/stratos/Library/Application Support/MiKTeX/texmfs/data/pdftex/config/pd
ftex.map}]
LaTeX Font Info:    Trying to load font information for U+msa on input line 115
.

("/Users/stratos/Library/Application Support/MiKTeX/texmfs/install/tex/latex/am
sfonts/umsa.fd"
File: umsa.fd 2013/01/14 v3.01 AMS symbols A
)
LaTeX Font Info:    Trying to load font information for U+msb on input line 115
.

("/Users/stratos/Library/Application Support/MiKTeX/texmfs/install/tex/latex/am
sfonts/umsb.fd"
File: umsb.fd 2013/01/14 v3.01 AMS symbols B
)
LaTeX Font Info:    Trying to load font information for U+rsfs on input line 11
5.

("/Users/stratos/Library/Application Support/MiKTeX/texmfs/install/tex/latex/jk
nappen/ursfs.fd"
File: ursfs.fd 1998/03/24 rsfs font definition file (jk)
)
LaTeX Font Info:    Trying to load font information for U+lasy on input line 11
5.

("/Users/stratos/Library/Application Support/MiKTeX/texmfs/install/tex/latex/ba
se/ulasy.fd"
File: ulasy.fd 1998/08/17 v2.2e LaTeX symbol font definitions
) [2]
<first_order.pdf, id=65, 597.23125pt x 845.1575pt>
File: first_order.pdf Graphic file (type pdf)
<use first_order.pdf>
Package pdftex.def Info: first_order.pdf  used on input line 154.
(pdftex.def)             Requested size: 209.03406pt x 295.80956pt.
<second_order.pdf, id=66, 597.23125pt x 845.1575pt>
File: second_order.pdf Graphic file (type pdf)
<use second_order.pdf>
Package pdftex.def Info: second_order.pdf  used on input line 155.
(pdftex.def)             Requested size: 209.03406pt x 295.80956pt.


LaTeX Warning: `!h' float specifier changed to `!ht'.

<Polyakov.pdf, id=67, 505.89pt x 505.89pt>
File: Polyakov.pdf Graphic file (type pdf)
<use Polyakov.pdf>
Package pdftex.def Info: Polyakov.pdf  used on input line 170.
(pdftex.def)             Requested size: 177.06415pt x 177.06415pt.

LaTeX Warning: `!h' float specifier changed to `!ht'.

<pol_strx20894.pdf, id=68, 505.89pt x 505.89pt>
File: pol_strx20894.pdf Graphic file (type pdf)
<use pol_strx20894.pdf>
Package pdftex.def Info: pol_strx20894.pdf  used on input line 176.
(pdftex.def)             Requested size: 177.06415pt x 177.06415pt.
<pol_strx208942.pdf, id=69, 505.89pt x 505.89pt>
File: pol_strx208942.pdf Graphic file (type pdf)
<use pol_strx208942.pdf>
Package pdftex.def Info: pol_strx208942.pdf  used on input line 177.
(pdftex.def)             Requested size: 177.06415pt x 177.06415pt.
<pol_strx208946.pdf, id=70, 505.89pt x 505.89pt>
File: pol_strx208946.pdf Graphic file (type pdf)
<use pol_strx208946.pdf>
Package pdftex.def Info: pol_strx208946.pdf  used on input line 178.
(pdftex.def)             Requested size: 177.06415pt x 177.06415pt.
<pol_strx20895.pdf, id=71, 505.89pt x 505.89pt>
File: pol_strx20895.pdf Graphic file (type pdf)
<use pol_strx20895.pdf>
Package pdftex.def Info: pol_strx20895.pdf  used on input line 179.
(pdftex.def)             Requested size: 177.06415pt x 177.06415pt.

LaTeX Warning: `!h' float specifier changed to `!ht'.

(BFSS_project.bbl [3] [4 <./first_order.pdf> <./second_order.pdf> <./Polyakov.p
df>]) [5 <./pol_strx20894.pdf> <./pol_strx208942.pdf> <./pol_strx208946.pdf> <.
/pol_strx20895.pdf>]
Package atveryend Info: Empty hook `BeforeClearDocument' on input line 186.
Package atveryend Info: Empty hook `AfterLastShipout' on input line 186.
 (BFSS_project.aux)
Package atveryend Info: Executing hook `AtVeryEndDocument' on input line 186.
Package atveryend Info: Executing hook `AtEndAfterFileList' on input line 186.
Package rerunfilecheck Info: File `BFSS_project.out' has not changed.
(rerunfilecheck)             Checksum: C110B68311F0800DD8891F03F5B139EC;157.
 ) 
Here is how much of TeX's memory you used:
 22848 strings out of 494414
 419655 string characters out of 3172753
 524752 words of memory out of 3000000
 26459 multiletter control sequences out of 15000+200000
 15611 words of font info for 68 fonts, out of 3000000 for 9000
 0 hyphenation exceptions out of 8191
 60i,10n,56p,1510b,543s stack positions out of 5000i,500n,10000p,200000b,50000s
</Users/stratos/Library/Application Support/MiKTeX/texmfs/install/fonts/type1
/public/amsfonts/cm/cmbx10.pfb></Users/stratos/Library/Application Support/MiKT
eX/texmfs/install/fonts/type1/public/amsfonts/cm/cmbx12.pfb></Users/stratos/Lib
rary/Application Support/MiKTeX/texmfs/install/fonts/type1/public/amsfonts/cm/c
mex10.pfb></Users/stratos/Library/Application Support/MiKTeX/texmfs/install/fon
ts/type1/public/amsfonts/cmextra/cmex8.pfb></Users/stratos/Library/Application 
Support/MiKTeX/texmfs/install/fonts/type1/public/amsfonts/cm/cmmi10.pfb></Users
/stratos/Library/Application Support/MiKTeX/texmfs/install/fonts/type1/public/a
msfonts/cm/cmmi6.pfb></Users/stratos/Library/Application Support/MiKTeX/texmfs/
install/fonts/type1/public/amsfonts/cm/cmmi8.pfb></Users/stratos/Library/Applic
ation Support/MiKTeX/texmfs/install/fonts/type1/public/amsfonts/cm/cmmi9.pfb></
Users/stratos/Library/Application Support/MiKTeX/texmfs/install/fonts/type1/pub
lic/amsfonts/cm/cmr10.pfb></Users/stratos/Library/Application Support/MiKTeX/te
xmfs/install/fonts/type1/public/amsfonts/cm/cmr12.pfb></Users/stratos/Library/A
pplication Support/MiKTeX/texmfs/install/fonts/type1/public/amsfonts/cm/cmr17.p
fb></Users/stratos/Library/Application Support/MiKTeX/texmfs/install/fonts/type
1/public/amsfonts/cm/cmr6.pfb></Users/stratos/Library/Application Support/MiKTe
X/texmfs/install/fonts/type1/public/amsfonts/cm/cmr8.pfb></Users/stratos/Librar
y/Application Support/MiKTeX/texmfs/install/fonts/type1/public/amsfonts/cm/cmr9
.pfb></Users/stratos/Library/Application Support/MiKTeX/texmfs/install/fonts/ty
pe1/public/amsfonts/cm/cmsy10.pfb></Users/stratos/Library/Application Support/M
iKTeX/texmfs/install/fonts/type1/public/amsfonts/cm/cmsy8.pfb></Users/stratos/L
ibrary/Application Support/MiKTeX/texmfs/install/fonts/type1/public/amsfonts/cm
/cmti10.pfb></Users/stratos/Library/Application Support/MiKTeX/texmfs/install/f
onts/type1/public/amsfonts/cm/cmtt10.pfb>
Output written on BFSS_project.pdf (5 pages, 4933960 bytes).
PDF statistics:
 215 PDF objects out of 1000 (max. 8388607)
 26 named destinations out of 1000 (max. 500000)
 72 words of extra memory for PDF output out of 10000 (max. 10000000)

